Archive member included to satisfy reference by file (symbol)

c:/program files (x86)/atmel/studio/7.0/toolchain/arm/arm-gnu-toolchain/bin/../lib/gcc/arm-none-eabi/5.3.1/armv6-m\libgcc.a(_udivsi3.o)
                              src/ASF/common2/components/memory/sd_mmc/sd_mmc.o (__aeabi_uidiv)
c:/program files (x86)/atmel/studio/7.0/toolchain/arm/arm-gnu-toolchain/bin/../lib/gcc/arm-none-eabi/5.3.1/armv6-m\libgcc.a(_divsi3.o)
                              src/ASF/thirdparty/fatfs/fatfs-r0.09/src/ff.o (__aeabi_idiv)
c:/program files (x86)/atmel/studio/7.0/toolchain/arm/arm-gnu-toolchain/bin/../lib/gcc/arm-none-eabi/5.3.1/armv6-m\libgcc.a(_dvmd_tls.o)
                              c:/program files (x86)/atmel/studio/7.0/toolchain/arm/arm-gnu-toolchain/bin/../lib/gcc/arm-none-eabi/5.3.1/armv6-m\libgcc.a(_udivsi3.o) (__aeabi_idiv0)
c:/program files (x86)/atmel/studio/7.0/toolchain/arm/arm-gnu-toolchain/bin/../lib/gcc/arm-none-eabi/5.3.1/armv6-m\libgcc.a(_muldi3.o)
                              src/ASF/sam0/drivers/sercom/sercom.o (__aeabi_lmul)
c:/program files (x86)/atmel/studio/7.0/toolchain/arm/arm-gnu-toolchain/bin/../lib/gcc/arm-none-eabi/5.3.1/../../../../arm-none-eabi/lib/armv6-m\libc_nano.a(lib_a-exit.o)
                              c:/program files (x86)/atmel/studio/7.0/toolchain/arm/arm-gnu-toolchain/bin/../lib/gcc/arm-none-eabi/5.3.1/../../../../arm-none-eabi/lib/armv6-m/crt0.o (exit)
c:/program files (x86)/atmel/studio/7.0/toolchain/arm/arm-gnu-toolchain/bin/../lib/gcc/arm-none-eabi/5.3.1/../../../../arm-none-eabi/lib/armv6-m\libc_nano.a(lib_a-impure.o)
                              c:/program files (x86)/atmel/studio/7.0/toolchain/arm/arm-gnu-toolchain/bin/../lib/gcc/arm-none-eabi/5.3.1/../../../../arm-none-eabi/lib/armv6-m\libc_nano.a(lib_a-exit.o) (_global_impure_ptr)
c:/program files (x86)/atmel/studio/7.0/toolchain/arm/arm-gnu-toolchain/bin/../lib/gcc/arm-none-eabi/5.3.1/../../../../arm-none-eabi/lib/armv6-m\libc_nano.a(lib_a-init.o)
                              c:/program files (x86)/atmel/studio/7.0/toolchain/arm/arm-gnu-toolchain/bin/../lib/gcc/arm-none-eabi/5.3.1/../../../../arm-none-eabi/lib/armv6-m/crt0.o (__libc_init_array)
c:/program files (x86)/atmel/studio/7.0/toolchain/arm/arm-gnu-toolchain/bin/../lib/gcc/arm-none-eabi/5.3.1/../../../../arm-none-eabi/lib/armv6-m\libc_nano.a(lib_a-memcpy-stub.o)
                              src/ASF/sam0/drivers/sercom/sercom_interrupt.o (memcpy)
c:/program files (x86)/atmel/studio/7.0/toolchain/arm/arm-gnu-toolchain/bin/../lib/gcc/arm-none-eabi/5.3.1/../../../../arm-none-eabi/lib/armv6-m\libc_nano.a(lib_a-memset.o)
                              c:/program files (x86)/atmel/studio/7.0/toolchain/arm/arm-gnu-toolchain/bin/../lib/gcc/arm-none-eabi/5.3.1/../../../../arm-none-eabi/lib/armv6-m/crt0.o (memset)

Allocating common symbols
Common symbol       size              file

_rtc_instance       0x4               src/ASF/sam0/drivers/rtc/rtc_sam_d_r_h/rtc_calendar.o
rtc_instance        0x14              src/ASF/thirdparty/fatfs/fatfs-port-r0.09/diskio.o
cdc_uart_module     0x34              src/main.o
ptr_get             0x4               src/ASF/sam0/utils/stdio/read.o
ptr_put             0x4               src/ASF/sam0/utils/stdio/write.o
dummy_write         0x2               src/ASF/sam0/drivers/sercom/spi/spi_interrupt.o
_sercom_instances   0x18              src/ASF/sam0/drivers/sercom/sercom_interrupt.o
stdio_base          0x4               src/ASF/sam0/utils/stdio/write.o

Discarded input sections

 .text          0x00000000        0x0 c:/program files (x86)/atmel/studio/7.0/toolchain/arm/arm-gnu-toolchain/bin/../lib/gcc/arm-none-eabi/5.3.1/armv6-m/crti.o
 .data          0x00000000        0x0 c:/program files (x86)/atmel/studio/7.0/toolchain/arm/arm-gnu-toolchain/bin/../lib/gcc/arm-none-eabi/5.3.1/armv6-m/crti.o
 .bss           0x00000000        0x0 c:/program files (x86)/atmel/studio/7.0/toolchain/arm/arm-gnu-toolchain/bin/../lib/gcc/arm-none-eabi/5.3.1/armv6-m/crti.o
 .data          0x00000000        0x4 c:/program files (x86)/atmel/studio/7.0/toolchain/arm/arm-gnu-toolchain/bin/../lib/gcc/arm-none-eabi/5.3.1/armv6-m/crtbegin.o
 .text          0x00000000       0x78 c:/program files (x86)/atmel/studio/7.0/toolchain/arm/arm-gnu-toolchain/bin/../lib/gcc/arm-none-eabi/5.3.1/../../../../arm-none-eabi/lib/armv6-m/crt0.o
 .data          0x00000000        0x0 c:/program files (x86)/atmel/studio/7.0/toolchain/arm/arm-gnu-toolchain/bin/../lib/gcc/arm-none-eabi/5.3.1/../../../../arm-none-eabi/lib/armv6-m/crt0.o
 .bss           0x00000000        0x0 c:/program files (x86)/atmel/studio/7.0/toolchain/arm/arm-gnu-toolchain/bin/../lib/gcc/arm-none-eabi/5.3.1/../../../../arm-none-eabi/lib/armv6-m/crt0.o
 .ARM.extab     0x00000000        0x0 c:/program files (x86)/atmel/studio/7.0/toolchain/arm/arm-gnu-toolchain/bin/../lib/gcc/arm-none-eabi/5.3.1/../../../../arm-none-eabi/lib/armv6-m/crt0.o
[...]
Memory Configuration

Name             Origin             Length             Attributes
rom              0x00000000         0x00040000         xr
ram              0x20000000         0x00008000         xrw
*default*        0x00000000         0xffffffff

Linker script and memory map

LOAD c:/program files (x86)/atmel/studio/7.0/toolchain/arm/arm-gnu-toolchain/bin/../lib/gcc/arm-none-eabi/5.3.1/armv6-m/crti.o
LOAD c:/program files (x86)/atmel/studio/7.0/toolchain/arm/arm-gnu-toolchain/bin/../lib/gcc/arm-none-eabi/5.3.1/armv6-m/crtbegin.o
LOAD c:/program files (x86)/atmel/studio/7.0/toolchain/arm/arm-gnu-toolchain/bin/../lib/gcc/arm-none-eabi/5.3.1/../../../../arm-none-eabi/lib/armv6-m/crt0.o
LOAD src/ASF/common2/components/memory/sd_mmc/sd_mmc.o
LOAD src/ASF/common2/components/memory/sd_mmc/sd_mmc_mem.o
LOAD src/ASF/sam0/drivers/rtc/rtc_sam_d_r_h/rtc_calendar.o
LOAD src/ASF/sam0/drivers/rtc/rtc_sam_d_r_h/rtc_calendar_interrupt.o
LOAD src/memories_initialization_sam0.o
LOAD src/ASF/sam0/drivers/sercom/sercom.o
LOAD src/ASF/sam0/utils/stdio/read.o
LOAD src/ASF/sam0/utils/stdio/write.o
LOAD src/ASF/thirdparty/fatfs/fatfs-port-r0.09/diskio.o
LOAD src/ASF/thirdparty/fatfs/fatfs-port-r0.09/sam0/fattime_rtc.o
LOAD src/ASF/thirdparty/fatfs/fatfs-r0.09/src/option/ccsbcs.o
LOAD src/ASF/sam0/drivers/wdt/wdt.o
LOAD src/ASF/sam0/drivers/sercom/usart/usart.o
LOAD src/ASF/sam0/drivers/sercom/usart/usart_interrupt.o
LOAD src/ASF/sam0/drivers/sercom/spi/spi.o
LOAD src/ASF/sam0/drivers/sercom/spi/spi_interrupt.o
LOAD src/ASF/sam0/drivers/sercom/sercom_interrupt.o
LOAD src/ASF/common2/services/delay/sam0/systick_counter.o
LOAD src/ASF/common2/components/memory/sd_mmc/sd_mmc_spi.o
LOAD src/ASF/common/services/storage/ctrl_access/ctrl_access.o
LOAD src/ASF/sam0/drivers/nvm/nvm.o
LOAD src/ASF/sam0/drivers/port/port.o
LOAD src/ASF/thirdparty/fatfs/fatfs-r0.09/src/ff.o
LOAD src/ASF/common2/boards/user_board/init.o
LOAD src/ASF/common/utils/interrupt/interrupt_sam_nvic.o
LOAD src/ASF/sam0/drivers/system/clock/clock_samd21_r21_da_ha1/clock.o
LOAD src/ASF/sam0/drivers/system/clock/clock_samd21_r21_da_ha1/gclk.o
LOAD src/ASF/sam0/drivers/system/interrupt/system_interrupt.o
LOAD src/ASF/sam0/drivers/system/pinmux/pinmux.o
LOAD src/ASF/sam0/drivers/system/system.o
LOAD src/ASF/sam0/utils/cmsis/samd21/source/gcc/startup_samd21.o
LOAD src/ASF/sam0/utils/cmsis/samd21/source/system_samd21.o
LOAD src/ASF/sam0/utils/syscalls/gcc/syscalls.o
LOAD src/main.o
START GROUP
LOAD ../src/ASF/thirdparty/CMSIS/Lib/GCC\libarm_cortexM0l_math.a
LOAD c:/program files (x86)/atmel/studio/7.0/toolchain/arm/arm-gnu-toolchain/bin/../lib/gcc/arm-none-eabi/5.3.1/../../../../arm-none-eabi/lib/armv6-m\libm.a
END GROUP
START GROUP
LOAD c:/program files (x86)/atmel/studio/7.0/toolchain/arm/arm-gnu-toolchain/bin/../lib/gcc/arm-none-eabi/5.3.1/armv6-m\libgcc.a
LOAD c:/program files (x86)/atmel/studio/7.0/toolchain/arm/arm-gnu-toolchain/bin/../lib/gcc/arm-none-eabi/5.3.1/../../../../arm-none-eabi/lib/armv6-m\libc_nano.a
END GROUP
START GROUP
LOAD c:/program files (x86)/atmel/studio/7.0/toolchain/arm/arm-gnu-toolchain/bin/../lib/gcc/arm-none-eabi/5.3.1/armv6-m\libgcc.a
LOAD c:/program files (x86)/atmel/studio/7.0/toolchain/arm/arm-gnu-toolchain/bin/../lib/gcc/arm-none-eabi/5.3.1/../../../../arm-none-eabi/lib/armv6-m\libc_nano.a
END GROUP
LOAD c:/program files (x86)/atmel/studio/7.0/toolchain/arm/arm-gnu-toolchain/bin/../lib/gcc/arm-none-eabi/5.3.1/armv6-m/crtend.o
LOAD c:/program files (x86)/atmel/studio/7.0/toolchain/arm/arm-gnu-toolchain/bin/../lib/gcc/arm-none-eabi/5.3.1/armv6-m/crtn.o
                0x00002000                STACK_SIZE = DEFINED (STACK_SIZE)?STACK_SIZE:DEFINED (__stack_size__)?__stack_size__:0x2000

.text           0x00000000      0x704
                0x00000000                . = ALIGN (0x4)
                0x00000000                _sfixed = .
 *(.vectors .vectors.*)
 .vectors       0x00000000       0xb4 src/ASF/sam0/utils/cmsis/samd21/source/gcc/startup_samd21.o
                0x00000000                exception_table
 *(.text .text.* .gnu.linkonce.t.*)
 .text          0x000000b4       0x60 c:/program files (x86)/atmel/studio/7.0/toolchain/arm/arm-gnu-toolchain/bin/../lib/gcc/arm-none-eabi/5.3.1/armv6-m/crtbegin.o
 .text.RTC_Handler
                0x00000114       0x3c src/ASF/sam0/drivers/rtc/rtc_sam_d_r_h/rtc_calendar_interrupt.o
                0x00000114                RTC_Handler
 .text.SERCOM0_Handler
                0x00000150       0x10 src/ASF/sam0/drivers/sercom/sercom_interrupt.o
                0x00000150                SERCOM0_Handler
 .text.SERCOM1_Handler
                0x00000160       0x10 src/ASF/sam0/drivers/sercom/sercom_interrupt.o
                0x00000160                SERCOM1_Handler
 .text.SERCOM2_Handler
                0x00000170       0x10 src/ASF/sam0/drivers/sercom/sercom_interrupt.o
                0x00000170                SERCOM2_Handler
 .text.SERCOM3_Handler
                0x00000180       0x10 src/ASF/sam0/drivers/sercom/sercom_interrupt.o
                0x00000180                SERCOM3_Handler
 .text.SERCOM4_Handler
                0x00000190       0x10 src/ASF/sam0/drivers/sercom/sercom_interrupt.o
                0x00000190                SERCOM4_Handler
 .text.SERCOM5_Handler
                0x000001a0       0x10 src/ASF/sam0/drivers/sercom/sercom_interrupt.o
                0x000001a0                SERCOM5_Handler
 .text.system_board_init
                0x000001b0        0x4 src/ASF/common2/boards/user_board/init.o
                0x000001b0                board_init
                0x000001b0                system_board_init
 .text.cpu_irq_enter_critical
                0x000001b4       0x40 src/ASF/common/utils/interrupt/interrupt_sam_nvic.o
                0x000001b4                cpu_irq_enter_critical
 .text.cpu_irq_leave_critical
                0x000001f4       0x30 src/ASF/common/utils/interrupt/interrupt_sam_nvic.o
                0x000001f4                cpu_irq_leave_critical
 .text.system_clock_source_osc8m_set_config
                0x00000224       0x3c src/ASF/sam0/drivers/system/clock/clock_samd21_r21_da_ha1/clock.o
                0x00000224                system_clock_source_osc8m_set_config
 .text.system_clock_source_enable
                0x00000260       0xa8 src/ASF/sam0/drivers/system/clock/clock_samd21_r21_da_ha1/clock.o
                0x00000260                system_clock_source_enable
 .text.system_clock_init
                0x00000308       0x98 src/ASF/sam0/drivers/system/clock/clock_samd21_r21_da_ha1/clock.o
                0x00000308                system_clock_init
 .text.system_gclk_init
                0x000003a0       0x24 src/ASF/sam0/drivers/system/clock/clock_samd21_r21_da_ha1/gclk.o
                0x000003a0                system_gclk_init
 .text.system_gclk_gen_set_config
                0x000003c4       0xb8 src/ASF/sam0/drivers/system/clock/clock_samd21_r21_da_ha1/gclk.o
                0x000003c4                system_gclk_gen_set_config
 .text.system_gclk_gen_enable
                0x0000047c       0x44 src/ASF/sam0/drivers/system/clock/clock_samd21_r21_da_ha1/gclk.o
                0x0000047c                system_gclk_gen_enable
 .text.system_gclk_chan_disable
                0x000004c0       0x5c src/ASF/sam0/drivers/system/clock/clock_samd21_r21_da_ha1/gclk.o
                0x000004c0                system_gclk_chan_disable
 .text.system_gclk_chan_set_config
                0x0000051c       0x1c src/ASF/sam0/drivers/system/clock/clock_samd21_r21_da_ha1/gclk.o
                0x0000051c                system_gclk_chan_set_config
 .text._system_dummy_init
                0x00000538        0x4 src/ASF/sam0/drivers/system/system.o
                0x00000538                _system_extint_init
                0x00000538                _system_events_init
                0x00000538                _system_dummy_init
                0x00000538                _system_divas_init
 .text.system_init
                0x0000053c       0x2c src/ASF/sam0/drivers/system/system.o
                0x0000053c                system_init
 .text.Dummy_Handler
                0x00000568        0x4 src/ASF/sam0/utils/cmsis/samd21/source/gcc/startup_samd21.o
                0x00000568                DMAC_Handler
                0x00000568                HardFault_Handler
                0x00000568                AC_Handler
                0x00000568                SysTick_Handler
                0x00000568                PendSV_Handler
                0x00000568                NMI_Handler
                0x00000568                ADC_Handler
                0x00000568                TCC1_Handler
                0x00000568                TCC0_Handler
                0x00000568                EIC_Handler
                0x00000568                WDT_Handler
                0x00000568                TC4_Handler
                0x00000568                USB_Handler
                0x00000568                TC3_Handler
                0x00000568                Dummy_Handler
                0x00000568                PM_Handler
                0x00000568                SVC_Handler
                0x00000568                TCC2_Handler
                0x00000568                EVSYS_Handler
                0x00000568                I2S_Handler
                0x00000568                NVMCTRL_Handler
                0x00000568                DAC_Handler
                0x00000568                PTC_Handler
                0x00000568                TC5_Handler
                0x00000568                SYSCTRL_Handler
 .text.Reset_Handler
                0x0000056c       0xf8 src/ASF/sam0/utils/cmsis/samd21/source/gcc/startup_samd21.o
                0x0000056c                Reset_Handler
 .text.main     0x00000664       0x10 src/main.o
                0x00000664                main
 .text.__libc_init_array
                0x00000674       0x4c c:/program files (x86)/atmel/studio/7.0/toolchain/arm/arm-gnu-toolchain/bin/../lib/gcc/arm-none-eabi/5.3.1/../../../../arm-none-eabi/lib/armv6-m\libc_nano.a(lib_a-init.o)
                0x00000674                __libc_init_array
 *(.glue_7t)
 .glue_7t       0x000006c0        0x0 linker stubs
 *(.glue_7)
 .glue_7        0x000006c0        0x0 linker stubs
 *(.rodata .rodata* .gnu.linkonce.r.*)
 .rodata.system_clock_source_enable
                0x000006c0       0x24 src/ASF/sam0/drivers/system/clock/clock_samd21_r21_da_ha1/clock.o
 *(.ARM.extab* .gnu.linkonce.armextab.*)
                0x000006e4                . = ALIGN (0x4)
 *(.init)
 .init          0x000006e4        0x4 c:/program files (x86)/atmel/studio/7.0/toolchain/arm/arm-gnu-toolchain/bin/../lib/gcc/arm-none-eabi/5.3.1/armv6-m/crti.o
                0x000006e4                _init
 .init          0x000006e8        0x8 c:/program files (x86)/atmel/studio/7.0/toolchain/arm/arm-gnu-toolchain/bin/../lib/gcc/arm-none-eabi/5.3.1/armv6-m/crtn.o
                0x000006f0                . = ALIGN (0x4)
                0x000006f0                __preinit_array_start = .
 *(.preinit_array)
                0x000006f0                __preinit_array_end = .
                0x000006f0                . = ALIGN (0x4)
                0x000006f0                __init_array_start = .
 *(SORT(.init_array.*))
 *(.init_array)
 .init_array    0x000006f0        0x4 c:/program files (x86)/atmel/studio/7.0/toolchain/arm/arm-gnu-toolchain/bin/../lib/gcc/arm-none-eabi/5.3.1/armv6-m/crtbegin.o
                0x000006f4                __init_array_end = .
                0x000006f4                . = ALIGN (0x4)
 *crtbegin.o(.ctors)
 *(EXCLUDE_FILE(*crtend.o) .ctors)
 *(SORT(.ctors.*))
 *crtend.o(.ctors)
                0x000006f4                . = ALIGN (0x4)
 *(.fini)
 .fini          0x000006f4        0x4 c:/program files (x86)/atmel/studio/7.0/toolchain/arm/arm-gnu-toolchain/bin/../lib/gcc/arm-none-eabi/5.3.1/armv6-m/crti.o
                0x000006f4                _fini
 .fini          0x000006f8        0x8 c:/program files (x86)/atmel/studio/7.0/toolchain/arm/arm-gnu-toolchain/bin/../lib/gcc/arm-none-eabi/5.3.1/armv6-m/crtn.o
                0x00000700                . = ALIGN (0x4)
                0x00000700                __fini_array_start = .
 *(.fini_array)
 .fini_array    0x00000700        0x4 c:/program files (x86)/atmel/studio/7.0/toolchain/arm/arm-gnu-toolchain/bin/../lib/gcc/arm-none-eabi/5.3.1/armv6-m/crtbegin.o
 *(SORT(.fini_array.*))
                0x00000704                __fini_array_end = .
 *crtbegin.o(.dtors)
 *(EXCLUDE_FILE(*crtend.o) .dtors)
 *(SORT(.dtors.*))
 *crtend.o(.dtors)
                0x00000704                . = ALIGN (0x4)
                0x00000704                _efixed = .
                [!provide]                PROVIDE (__exidx_start, .)

.vfp11_veneer   0x00000704        0x0
 .vfp11_veneer  0x00000704        0x0 linker stubs

.v4_bx          0x00000704        0x0
 .v4_bx         0x00000704        0x0 linker stubs

.iplt           0x00000704        0x0
 .iplt          0x00000704        0x0 c:/program files (x86)/atmel/studio/7.0/toolchain/arm/arm-gnu-toolchain/bin/../lib/gcc/arm-none-eabi/5.3.1/armv6-m/crtbegin.o

.eh_frame       0x00000704        0x0
 .eh_frame      0x00000704        0x0 c:/program files (x86)/atmel/studio/7.0/toolchain/arm/arm-gnu-toolchain/bin/../lib/gcc/arm-none-eabi/5.3.1/armv6-m/crtbegin.o

.rel.dyn        0x00000704        0x0
 .rel.iplt      0x00000704        0x0 c:/program files (x86)/atmel/studio/7.0/toolchain/arm/arm-gnu-toolchain/bin/../lib/gcc/arm-none-eabi/5.3.1/armv6-m/crtbegin.o

.jcr            0x00000704        0x0
 .jcr           0x00000704        0x0 c:/program files (x86)/atmel/studio/7.0/toolchain/arm/arm-gnu-toolchain/bin/../lib/gcc/arm-none-eabi/5.3.1/armv6-m/crtbegin.o

.igot.plt       0x00000704        0x0
 .igot.plt      0x00000704        0x0 c:/program files (x86)/atmel/studio/7.0/toolchain/arm/arm-gnu-toolchain/bin/../lib/gcc/arm-none-eabi/5.3.1/armv6-m/crtbegin.o

.ARM.exidx
 *(.ARM.exidx* .gnu.linkonce.armexidx.*)
                [!provide]                PROVIDE (__exidx_end, .)
                0x00000704                . = ALIGN (0x4)
                0x00000704                _etext = .

.relocate       0x20000000        0x4 load address 0x00000704
                0x20000000                . = ALIGN (0x4)
                0x20000000                _srelocate = .
 *(.ramfunc .ramfunc.*)
 *(.data .data.*)
 .data.g_interrupt_enabled
                0x20000000        0x1 src/ASF/common/utils/interrupt/interrupt_sam_nvic.o
                0x20000000                g_interrupt_enabled
                0x20000004                . = ALIGN (0x4)
 *fill*         0x20000001        0x3 
                0x20000004                _erelocate = .

.bss            0x20000004       0x58 load address 0x00000708
                0x20000004                . = ALIGN (0x4)
                0x20000004                _sbss = .
                0x20000004                _szero = .
 *(.bss .bss.*)
 .bss           0x20000004       0x1c c:/program files (x86)/atmel/studio/7.0/toolchain/arm/arm-gnu-toolchain/bin/../lib/gcc/arm-none-eabi/5.3.1/armv6-m/crtbegin.o
 .bss._sercom_interrupt_handlers
                0x20000020       0x18 src/ASF/sam0/drivers/sercom/sercom_interrupt.o
 .bss.cpu_irq_critical_section_counter
                0x20000038        0x4 src/ASF/common/utils/interrupt/interrupt_sam_nvic.o
 .bss.cpu_irq_prev_interrupt_state
                0x2000003c        0x1 src/ASF/common/utils/interrupt/interrupt_sam_nvic.o
 *fill*         0x2000003d        0x3 
 .bss._system_clock_inst
                0x20000040       0x18 src/ASF/sam0/drivers/system/clock/clock_samd21_r21_da_ha1/clock.o
 *(COMMON)
 COMMON         0x20000058        0x4 src/ASF/sam0/drivers/rtc/rtc_sam_d_r_h/rtc_calendar.o
                0x20000058                _rtc_instance
                0x2000005c                . = ALIGN (0x4)
                0x2000005c                _ebss = .
                0x2000005c                _ezero = .

.stack          0x2000005c     0x2004 load address 0x00000760
                0x20000060                . = ALIGN (0x8)
 *fill*         0x2000005c        0x4 
                0x20000060                _sstack = .
                0x20002060                . = (. + STACK_SIZE)
 *fill*         0x20000060     0x2000 
                0x20002060                . = ALIGN (0x8)
                0x20002060                _estack = .
                0x20002060                . = ALIGN (0x4)
                0x20002060                _end = .
OUTPUT(SAMD21_SD_Boot.elf elf32-littlearm)

.ARM.attributes
                0x00000000       0x28
 .ARM.attributes
                0x00000000       0x1e c:/program files (x86)/atmel/studio/7.0/toolchain/arm/arm-gnu-toolchain/bin/../lib/gcc/arm-none-eabi/5.3.1/armv6-m/crti.o
 .ARM.attributes
                0x0000001e       0x2c c:/program files (x86)/atmel/studio/7.0/toolchain/arm/arm-gnu-toolchain/bin/../lib/gcc/arm-none-eabi/5.3.1/armv6-m/crtbegin.o
 .ARM.attributes
                0x0000004a       0x32 src/ASF/sam0/drivers/rtc/rtc_sam_d_r_h/rtc_calendar.o
 .ARM.attributes
                0x0000007c       0x32 src/ASF/sam0/drivers/rtc/rtc_sam_d_r_h/rtc_calendar_interrupt.o
 .ARM.attributes
                0x000000ae       0x32 src/ASF/sam0/drivers/sercom/sercom_interrupt.o
 .ARM.attributes
                0x000000e0       0x32 src/ASF/common2/boards/user_board/init.o
 .ARM.attributes
                0x00000112       0x32 src/ASF/common/utils/interrupt/interrupt_sam_nvic.o
 .ARM.attributes
                0x00000144       0x32 src/ASF/sam0/drivers/system/clock/clock_samd21_r21_da_ha1/clock.o
 .ARM.attributes
                0x00000176       0x32 src/ASF/sam0/drivers/system/clock/clock_samd21_r21_da_ha1/gclk.o
 .ARM.attributes
                0x000001a8       0x32 src/ASF/sam0/drivers/system/system.o
 .ARM.attributes
                0x000001da       0x32 src/ASF/sam0/utils/cmsis/samd21/source/gcc/startup_samd21.o
 .ARM.attributes
                0x0000020c       0x32 src/main.o
 .ARM.attributes
                0x0000023e       0x2c c:/program files (x86)/atmel/studio/7.0/toolchain/arm/arm-gnu-toolchain/bin/../lib/gcc/arm-none-eabi/5.3.1/../../../../arm-none-eabi/lib/armv6-m\libc_nano.a(lib_a-init.o)
 .ARM.attributes
                0x0000026a       0x1e c:/program files (x86)/atmel/studio/7.0/toolchain/arm/arm-gnu-toolchain/bin/../lib/gcc/arm-none-eabi/5.3.1/armv6-m/crtn.o

.comment        0x00000000       0x59
 .comment       0x00000000       0x59 src/ASF/sam0/drivers/rtc/rtc_sam_d_r_h/rtc_calendar.o
                                 0x5a (size before relaxing)
 .comment       0x00000059       0x5a src/ASF/sam0/drivers/rtc/rtc_sam_d_r_h/rtc_calendar_interrupt.o
 .comment       0x00000059       0x5a src/ASF/sam0/drivers/sercom/sercom_interrupt.o
 .comment       0x00000059       0x5a src/ASF/common2/boards/user_board/init.o
 .comment       0x00000059       0x5a src/ASF/common/utils/interrupt/interrupt_sam_nvic.o
 .comment       0x00000059       0x5a src/ASF/sam0/drivers/system/clock/clock_samd21_r21_da_ha1/clock.o
 .comment       0x00000059       0x5a src/ASF/sam0/drivers/system/clock/clock_samd21_r21_da_ha1/gclk.o
 .comment       0x00000059       0x5a src/ASF/sam0/drivers/system/system.o
 .comment       0x00000059       0x5a src/ASF/sam0/utils/cmsis/samd21/source/gcc/startup_samd21.o
 .comment       0x00000059       0x5a src/main.o

.debug_info     0x00000000    0x12acf
 .debug_info    0x00000000     0x2dfa src/ASF/sam0/drivers/rtc/rtc_sam_d_r_h/rtc_calendar.o
 .debug_info    0x00002dfa     0x188e src/ASF/sam0/drivers/rtc/rtc_sam_d_r_h/rtc_calendar_interrupt.o
 .debug_info    0x00004688     0x2327 src/ASF/sam0/drivers/sercom/sercom_interrupt.o
 .debug_info    0x000069af      0xa5f src/ASF/common2/boards/user_board/init.o
 .debug_info    0x0000740e      0x1ea src/ASF/common/utils/interrupt/interrupt_sam_nvic.o
 .debug_info    0x000075f8     0x2dec src/ASF/sam0/drivers/system/clock/clock_samd21_r21_da_ha1/clock.o
 .debug_info    0x0000a3e4     0x1545 src/ASF/sam0/drivers/system/clock/clock_samd21_r21_da_ha1/gclk.o
 .debug_info    0x0000b929      0xab1 src/ASF/sam0/drivers/system/system.o
 .debug_info    0x0000c3da     0x3a8a src/ASF/sam0/utils/cmsis/samd21/source/gcc/startup_samd21.o
 .debug_info    0x0000fe64     0x2c6b src/main.o

.debug_abbrev   0x00000000     0x18f6
 .debug_abbrev  0x00000000      0x44f src/ASF/sam0/drivers/rtc/rtc_sam_d_r_h/rtc_calendar.o
 .debug_abbrev  0x0000044f      0x279 src/ASF/sam0/drivers/rtc/rtc_sam_d_r_h/rtc_calendar_interrupt.o
 .debug_abbrev  0x000006c8      0x237 src/ASF/sam0/drivers/sercom/sercom_interrupt.o
 .debug_abbrev  0x000008ff      0x1ba src/ASF/common2/boards/user_board/init.o
 .debug_abbrev  0x00000ab9       0xf6 src/ASF/common/utils/interrupt/interrupt_sam_nvic.o
 .debug_abbrev  0x00000baf      0x3be src/ASF/sam0/drivers/system/clock/clock_samd21_r21_da_ha1/clock.o
 .debug_abbrev  0x00000f6d      0x338 src/ASF/sam0/drivers/system/clock/clock_samd21_r21_da_ha1/gclk.o
 .debug_abbrev  0x000012a5      0x1e0 src/ASF/sam0/drivers/system/system.o
 .debug_abbrev  0x00001485      0x217 src/ASF/sam0/utils/cmsis/samd21/source/gcc/startup_samd21.o
 .debug_abbrev  0x0000169c      0x25a src/main.o

.debug_loc      0x00000000     0x1f50
 .debug_loc     0x00000000      0x7f6 src/ASF/sam0/drivers/rtc/rtc_sam_d_r_h/rtc_calendar.o
 .debug_loc     0x000007f6      0x1d1 src/ASF/sam0/drivers/rtc/rtc_sam_d_r_h/rtc_calendar_interrupt.o
 .debug_loc     0x000009c7      0x16c src/ASF/sam0/drivers/sercom/sercom_interrupt.o
 .debug_loc     0x00000b33      0xeda src/ASF/sam0/drivers/system/clock/clock_samd21_r21_da_ha1/clock.o
 .debug_loc     0x00001a0d      0x4e3 src/ASF/sam0/drivers/system/clock/clock_samd21_r21_da_ha1/gclk.o
 .debug_loc     0x00001ef0       0x20 src/ASF/sam0/drivers/system/system.o
 .debug_loc     0x00001f10       0x20 src/ASF/sam0/utils/cmsis/samd21/source/gcc/startup_samd21.o
 .debug_loc     0x00001f30       0x20 src/main.o

.debug_aranges  0x00000000      0x2c8
 .debug_aranges
                0x00000000       0x78 src/ASF/sam0/drivers/rtc/rtc_sam_d_r_h/rtc_calendar.o
 .debug_aranges
                0x00000078       0x40 src/ASF/sam0/drivers/rtc/rtc_sam_d_r_h/rtc_calendar_interrupt.o
 .debug_aranges
                0x000000b8       0x60 src/ASF/sam0/drivers/sercom/sercom_interrupt.o
 .debug_aranges
                0x00000118       0x20 src/ASF/common2/boards/user_board/init.o
 .debug_aranges
                0x00000138       0x28 src/ASF/common/utils/interrupt/interrupt_sam_nvic.o
 .debug_aranges
                0x00000160       0x78 src/ASF/sam0/drivers/system/clock/clock_samd21_r21_da_ha1/clock.o
 .debug_aranges
                0x000001d8       0x80 src/ASF/sam0/drivers/system/clock/clock_samd21_r21_da_ha1/gclk.o
 .debug_aranges
                0x00000258       0x28 src/ASF/sam0/drivers/system/system.o
 .debug_aranges
                0x00000280       0x28 src/ASF/sam0/utils/cmsis/samd21/source/gcc/startup_samd21.o
 .debug_aranges
                0x000002a8       0x20 src/main.o

.debug_ranges   0x00000000      0x240
 .debug_ranges  0x00000000       0x80 src/ASF/sam0/drivers/rtc/rtc_sam_d_r_h/rtc_calendar.o
 .debug_ranges  0x00000080       0x30 src/ASF/sam0/drivers/rtc/rtc_sam_d_r_h/rtc_calendar_interrupt.o
 .debug_ranges  0x000000b0       0x50 src/ASF/sam0/drivers/sercom/sercom_interrupt.o
 .debug_ranges  0x00000100       0x10 src/ASF/common2/boards/user_board/init.o
 .debug_ranges  0x00000110       0x18 src/ASF/common/utils/interrupt/interrupt_sam_nvic.o
 .debug_ranges  0x00000128       0x68 src/ASF/sam0/drivers/system/clock/clock_samd21_r21_da_ha1/clock.o
 .debug_ranges  0x00000190       0x70 src/ASF/sam0/drivers/system/clock/clock_samd21_r21_da_ha1/gclk.o
 .debug_ranges  0x00000200       0x18 src/ASF/sam0/drivers/system/system.o
 .debug_ranges  0x00000218       0x18 src/ASF/sam0/utils/cmsis/samd21/source/gcc/startup_samd21.o
 .debug_ranges  0x00000230       0x10 src/main.o

.debug_macro    0x00000000     0x3d61
 .debug_macro   0x00000000      0x525 src/ASF/sam0/drivers/rtc/rtc_sam_d_r_h/rtc_calendar.o
 .debug_macro   0x00000525      0x52f src/ASF/sam0/drivers/rtc/rtc_sam_d_r_h/rtc_calendar_interrupt.o
 .debug_macro   0x00000a54      0x55d src/ASF/sam0/drivers/sercom/sercom_interrupt.o
 .debug_macro   0x00000fb1      0x702 src/ASF/common2/boards/user_board/init.o
 .debug_macro   0x000016b3      0x4d3 src/ASF/common/utils/interrupt/interrupt_sam_nvic.o
 .debug_macro   0x00001b86      0x544 src/ASF/sam0/drivers/system/clock/clock_samd21_r21_da_ha1/clock.o
 .debug_macro   0x000020ca      0x509 src/ASF/sam0/drivers/system/clock/clock_samd21_r21_da_ha1/gclk.o
 .debug_macro   0x000025d3      0x6f6 src/ASF/sam0/drivers/system/system.o
 .debug_macro   0x00002cc9       0x1c src/ASF/sam0/drivers/system/system.o
 .debug_macro   0x00002ce5       0x9b src/ASF/sam0/drivers/system/system.o
 .debug_macro   0x00002d80      0x1d7 src/ASF/sam0/drivers/system/system.o
 .debug_macro   0x00002f57       0x4f src/ASF/sam0/drivers/system/system.o
 .debug_macro   0x00002fa6       0x18 src/ASF/sam0/drivers/system/system.o
 .debug_macro   0x00002fbe      0x29e src/ASF/sam0/drivers/system/system.o
 .debug_macro   0x0000325c       0x58 src/ASF/sam0/drivers/system/system.o
 .debug_macro   0x000032b4       0x16 src/ASF/sam0/drivers/system/system.o
 .debug_macro   0x000032ca      0x2e5 src/ASF/sam0/utils/cmsis/samd21/source/gcc/startup_samd21.o
 .debug_macro   0x000035af       0x3a src/ASF/sam0/utils/cmsis/samd21/source/gcc/startup_samd21.o
 .debug_macro   0x000035e9      0x720 src/main.o
 .debug_macro   0x00003d09       0x58 src/main.o

.debug_line     0x00000000     0x7576
 .debug_line    0x00000000      0xbf4 src/ASF/sam0/drivers/rtc/rtc_sam_d_r_h/rtc_calendar.o
 .debug_line    0x00000bf4      0xa80 src/ASF/sam0/drivers/rtc/rtc_sam_d_r_h/rtc_calendar_interrupt.o
 .debug_line    0x00001674      0xb43 src/ASF/sam0/drivers/sercom/sercom_interrupt.o
 .debug_line    0x000021b7      0xec9 src/ASF/common2/boards/user_board/init.o
 .debug_line    0x00003080      0x89a src/ASF/common/utils/interrupt/interrupt_sam_nvic.o
 .debug_line    0x0000391a      0xbfe src/ASF/sam0/drivers/system/clock/clock_samd21_r21_da_ha1/clock.o
 .debug_line    0x00004518      0xc39 src/ASF/sam0/drivers/system/clock/clock_samd21_r21_da_ha1/gclk.o
 .debug_line    0x00005151      0xee1 src/ASF/sam0/drivers/system/system.o
 .debug_line    0x00006032      0x648 src/ASF/sam0/utils/cmsis/samd21/source/gcc/startup_samd21.o
 .debug_line    0x0000667a      0xefc src/main.o

.debug_str      0x00000000    0x8750f
 .debug_str     0x00000000    0x80862 src/ASF/sam0/drivers/rtc/rtc_sam_d_r_h/rtc_calendar.o
                              0x811b4 (size before relaxing)
 .debug_str     0x00080862      0x134 src/ASF/sam0/drivers/rtc/rtc_sam_d_r_h/rtc_calendar_interrupt.o
                              0x804ac (size before relaxing)
 .debug_str     0x00080996      0xd70 src/ASF/sam0/drivers/sercom/sercom_interrupt.o
                              0x7feb9 (size before relaxing)
 .debug_str     0x00081706     0x2b21 src/ASF/common2/boards/user_board/init.o
                              0x82d49 (size before relaxing)
 .debug_str     0x00084227       0x94 src/ASF/common/utils/interrupt/interrupt_sam_nvic.o
                              0x7e993 (size before relaxing)
 .debug_str     0x000842bb     0x16c8 src/ASF/sam0/drivers/system/clock/clock_samd21_r21_da_ha1/clock.o
                              0x81ab5 (size before relaxing)
 .debug_str     0x00085983      0x2d9 src/ASF/sam0/drivers/system/clock/clock_samd21_r21_da_ha1/gclk.o
                              0x7f60d (size before relaxing)
 .debug_str     0x00085c5c      0x3c3 src/ASF/sam0/drivers/system/system.o
                              0x8281e (size before relaxing)
 .debug_str     0x0008601f      0xefa src/ASF/sam0/utils/cmsis/samd21/source/gcc/startup_samd21.o
                              0x6b09e (size before relaxing)
 .debug_str     0x00086f19      0x5f6 src/main.o
                              0x838ed (size before relaxing)

.debug_frame    0x00000000      0x654
 .debug_frame   0x00000000      0x138 src/ASF/sam0/drivers/rtc/rtc_sam_d_r_h/rtc_calendar.o
 .debug_frame   0x00000138       0x78 src/ASF/sam0/drivers/rtc/rtc_sam_d_r_h/rtc_calendar_interrupt.o
 .debug_frame   0x000001b0       0xec src/ASF/sam0/drivers/sercom/sercom_interrupt.o
 .debug_frame   0x0000029c       0x20 src/ASF/common2/boards/user_board/init.o
 .debug_frame   0x000002bc       0x30 src/ASF/common/utils/interrupt/interrupt_sam_nvic.o
 .debug_frame   0x000002ec      0x158 src/ASF/sam0/drivers/system/clock/clock_samd21_r21_da_ha1/clock.o
 .debug_frame   0x00000444      0x148 src/ASF/sam0/drivers/system/clock/clock_samd21_r21_da_ha1/gclk.o
 .debug_frame   0x0000058c       0x38 src/ASF/sam0/drivers/system/system.o
 .debug_frame   0x000005c4       0x3c src/ASF/sam0/utils/cmsis/samd21/source/gcc/startup_samd21.o
 .debug_frame   0x00000600       0x28 src/main.o
 .debug_frame   0x00000628       0x2c c:/program files (x86)/atmel/studio/7.0/toolchain/arm/arm-gnu-toolchain/bin/../lib/gcc/arm-none-eabi/5.3.1/../../../../arm-none-eabi/lib/armv6-m\libc_nano.a(lib_a-init.o)

Cross Reference Table

Symbol                                            File
AC_Handler                                        src/ASF/sam0/utils/cmsis/samd21/source/gcc/startup_samd21.o
ADC_Handler                                       src/ASF/sam0/utils/cmsis/samd21/source/gcc/startup_samd21.o
DAC_Handler                                       src/ASF/sam0/utils/cmsis/samd21/source/gcc/startup_samd21.o
DMAC_Handler                                      src/ASF/sam0/utils/cmsis/samd21/source/gcc/startup_samd21.o
Dummy_Handler                                     src/ASF/sam0/utils/cmsis/samd21/source/gcc/startup_samd21.o
EIC_Handler                                       src/ASF/sam0/utils/cmsis/samd21/source/gcc/startup_samd21.o
EVSYS_Handler                                     src/ASF/sam0/utils/cmsis/samd21/source/gcc/startup_samd21.o
HardFault_Handler                                 src/ASF/sam0/utils/cmsis/samd21/source/gcc/startup_samd21.o
I2S_Handler                                       src/ASF/sam0/utils/cmsis/samd21/source/gcc/startup_samd21.o
NMI_Handler                                       src/ASF/sam0/utils/cmsis/samd21/source/gcc/startup_samd21.o
NVMCTRL_Handler                                   src/ASF/sam0/utils/cmsis/samd21/source/gcc/startup_samd21.o
PM_Handler                                        src/ASF/sam0/utils/cmsis/samd21/source/gcc/startup_samd21.o
PTC_Handler                                       src/ASF/sam0/utils/cmsis/samd21/source/gcc/startup_samd21.o
PendSV_Handler                                    src/ASF/sam0/utils/cmsis/samd21/source/gcc/startup_samd21.o
RTC_Handler                                       src/ASF/sam0/drivers/rtc/rtc_sam_d_r_h/rtc_calendar_interrupt.o
Reset_Handler                                     src/ASF/sam0/utils/cmsis/samd21/source/gcc/startup_samd21.o
SERCOM0_Handler                                   src/ASF/sam0/drivers/sercom/sercom_interrupt.o
SERCOM1_Handler                                   src/ASF/sam0/drivers/sercom/sercom_interrupt.o
SERCOM2_Handler                                   src/ASF/sam0/drivers/sercom/sercom_interrupt.o
SERCOM3_Handler                                   src/ASF/sam0/drivers/sercom/sercom_interrupt.o
SERCOM4_Handler                                   src/ASF/sam0/drivers/sercom/sercom_interrupt.o
SERCOM5_Handler                                   src/ASF/sam0/drivers/sercom/sercom_interrupt.o
SVC_Handler                                       src/ASF/sam0/utils/cmsis/samd21/source/gcc/startup_samd21.o
SYSCTRL_Handler                                   src/ASF/sam0/utils/cmsis/samd21/source/gcc/startup_samd21.o
SysTick_Handler                                   src/ASF/sam0/utils/cmsis/samd21/source/gcc/startup_samd21.o
SystemCoreClock                                   src/ASF/sam0/utils/cmsis/samd21/source/system_samd21.o
SystemCoreClockUpdate                             src/ASF/sam0/utils/cmsis/samd21/source/system_samd21.o
SystemInit                                        src/ASF/sam0/utils/cmsis/samd21/source/system_samd21.o
TC3_Handler                                       src/ASF/sam0/utils/cmsis/samd21/source/gcc/startup_samd21.o
TC4_Handler                                       src/ASF/sam0/utils/cmsis/samd21/source/gcc/startup_samd21.o
TC5_Handler                                       src/ASF/sam0/utils/cmsis/samd21/source/gcc/startup_samd21.o
TCC0_Handler                                      src/ASF/sam0/utils/cmsis/samd21/source/gcc/startup_samd21.o
TCC1_Handler                                      src/ASF/sam0/utils/cmsis/samd21/source/gcc/startup_samd21.o
TCC2_Handler                                      src/ASF/sam0/utils/cmsis/samd21/source/gcc/startup_samd21.o
USB_Handler                                       src/ASF/sam0/utils/cmsis/samd21/source/gcc/startup_samd21.o
WDT_Handler                                       src/ASF/sam0/utils/cmsis/samd21/source/gcc/startup_samd21.o
_Jv_RegisterClasses                               c:/program files (x86)/atmel/studio/7.0/toolchain/arm/arm-gnu-toolchain/bin/../lib/gcc/arm-none-eabi/5.3.1/armv6-m/crtbegin.o
__aeabi_idiv                                      c:/program files (x86)/atmel/studio/7.0/toolchain/arm/arm-gnu-toolchain/bin/../lib/gcc/arm-none-eabi/5.3.1/armv6-m\libgcc.a(_divsi3.o)
                                                  src/ASF/thirdparty/fatfs/fatfs-r0.09/src/ff.o
__aeabi_idiv0                                     c:/program files (x86)/atmel/studio/7.0/toolchain/arm/arm-gnu-toolchain/bin/../lib/gcc/arm-none-eabi/5.3.1/armv6-m\libgcc.a(_dvmd_tls.o)
                                                  c:/program files (x86)/atmel/studio/7.0/toolchain/arm/arm-gnu-toolchain/bin/../lib/gcc/arm-none-eabi/5.3.1/armv6-m\libgcc.a(_divsi3.o)
                                                  c:/program files (x86)/atmel/studio/7.0/toolchain/arm/arm-gnu-toolchain/bin/../lib/gcc/arm-none-eabi/5.3.1/armv6-m\libgcc.a(_udivsi3.o)
__aeabi_idivmod                                   c:/program files (x86)/atmel/studio/7.0/toolchain/arm/arm-gnu-toolchain/bin/../lib/gcc/arm-none-eabi/5.3.1/armv6-m\libgcc.a(_divsi3.o)
__aeabi_ldiv0                                     c:/program files (x86)/atmel/studio/7.0/toolchain/arm/arm-gnu-toolchain/bin/../lib/gcc/arm-none-eabi/5.3.1/armv6-m\libgcc.a(_dvmd_tls.o)
__aeabi_lmul                                      c:/program files (x86)/atmel/studio/7.0/toolchain/arm/arm-gnu-toolchain/bin/../lib/gcc/arm-none-eabi/5.3.1/armv6-m\libgcc.a(_muldi3.o)
                                                  src/ASF/sam0/drivers/sercom/sercom.o
__aeabi_uidiv                                     c:/program files (x86)/atmel/studio/7.0/toolchain/arm/arm-gnu-toolchain/bin/../lib/gcc/arm-none-eabi/5.3.1/armv6-m\libgcc.a(_udivsi3.o)
                                                  src/ASF/sam0/drivers/system/clock/clock_samd21_r21_da_ha1/gclk.o
                                                  src/ASF/sam0/drivers/system/clock/clock_samd21_r21_da_ha1/clock.o
                                                  src/ASF/thirdparty/fatfs/fatfs-r0.09/src/ff.o
                                                  src/ASF/sam0/drivers/nvm/nvm.o
                                                  src/ASF/common2/components/memory/sd_mmc/sd_mmc_spi.o
                                                  src/ASF/common2/services/delay/sam0/systick_counter.o
                                                  src/ASF/common2/components/memory/sd_mmc/sd_mmc.o
__aeabi_uidivmod                                  c:/program files (x86)/atmel/studio/7.0/toolchain/arm/arm-gnu-toolchain/bin/../lib/gcc/arm-none-eabi/5.3.1/armv6-m\libgcc.a(_udivsi3.o)
                                                  src/ASF/sam0/drivers/nvm/nvm.o
                                                  src/ASF/common2/components/memory/sd_mmc/sd_mmc_spi.o
                                                  src/ASF/sam0/drivers/rtc/rtc_sam_d_r_h/rtc_calendar.o
__bss_end__                                       c:/program files (x86)/atmel/studio/7.0/toolchain/arm/arm-gnu-toolchain/bin/../lib/gcc/arm-none-eabi/5.3.1/../../../../arm-none-eabi/lib/armv6-m/crt0.o
__bss_start__                                     c:/program files (x86)/atmel/studio/7.0/toolchain/arm/arm-gnu-toolchain/bin/../lib/gcc/arm-none-eabi/5.3.1/../../../../arm-none-eabi/lib/armv6-m/crt0.o
__call_exitprocs                                  c:/program files (x86)/atmel/studio/7.0/toolchain/arm/arm-gnu-toolchain/bin/../lib/gcc/arm-none-eabi/5.3.1/../../../../arm-none-eabi/lib/armv6-m\libc_nano.a(lib_a-exit.o)
__deregister_frame_info                           c:/program files (x86)/atmel/studio/7.0/toolchain/arm/arm-gnu-toolchain/bin/../lib/gcc/arm-none-eabi/5.3.1/armv6-m/crtbegin.o
__divsi3                                          c:/program files (x86)/atmel/studio/7.0/toolchain/arm/arm-gnu-toolchain/bin/../lib/gcc/arm-none-eabi/5.3.1/armv6-m\libgcc.a(_divsi3.o)
__dso_handle                                      c:/program files (x86)/atmel/studio/7.0/toolchain/arm/arm-gnu-toolchain/bin/../lib/gcc/arm-none-eabi/5.3.1/armv6-m/crtbegin.o
__init_array_end                                  c:/program files (x86)/atmel/studio/7.0/toolchain/arm/arm-gnu-toolchain/bin/../lib/gcc/arm-none-eabi/5.3.1/../../../../arm-none-eabi/lib/armv6-m\libc_nano.a(lib_a-init.o)
__init_array_start                                c:/program files (x86)/atmel/studio/7.0/toolchain/arm/arm-gnu-toolchain/bin/../lib/gcc/arm-none-eabi/5.3.1/../../../../arm-none-eabi/lib/armv6-m\libc_nano.a(lib_a-init.o)
__libc_fini_array                                 c:/program files (x86)/atmel/studio/7.0/toolchain/arm/arm-gnu-toolchain/bin/../lib/gcc/arm-none-eabi/5.3.1/../../../../arm-none-eabi/lib/armv6-m/crt0.o
__libc_init_array                                 c:/program files (x86)/atmel/studio/7.0/toolchain/arm/arm-gnu-toolchain/bin/../lib/gcc/arm-none-eabi/5.3.1/../../../../arm-none-eabi/lib/armv6-m\libc_nano.a(lib_a-init.o)
                                                  src/ASF/sam0/utils/cmsis/samd21/source/gcc/startup_samd21.o
                                                  c:/program files (x86)/atmel/studio/7.0/toolchain/arm/arm-gnu-toolchain/bin/../lib/gcc/arm-none-eabi/5.3.1/../../../../arm-none-eabi/lib/armv6-m/crt0.o
__muldi3                                          c:/program files (x86)/atmel/studio/7.0/toolchain/arm/arm-gnu-toolchain/bin/../lib/gcc/arm-none-eabi/5.3.1/armv6-m\libgcc.a(_muldi3.o)
__preinit_array_end                               c:/program files (x86)/atmel/studio/7.0/toolchain/arm/arm-gnu-toolchain/bin/../lib/gcc/arm-none-eabi/5.3.1/../../../../arm-none-eabi/lib/armv6-m\libc_nano.a(lib_a-init.o)
__preinit_array_start                             c:/program files (x86)/atmel/studio/7.0/toolchain/arm/arm-gnu-toolchain/bin/../lib/gcc/arm-none-eabi/5.3.1/../../../../arm-none-eabi/lib/armv6-m\libc_nano.a(lib_a-init.o)
__register_frame_info                             c:/program files (x86)/atmel/studio/7.0/toolchain/arm/arm-gnu-toolchain/bin/../lib/gcc/arm-none-eabi/5.3.1/armv6-m/crtbegin.o
__sf_fake_stderr                                  c:/program files (x86)/atmel/studio/7.0/toolchain/arm/arm-gnu-toolchain/bin/../lib/gcc/arm-none-eabi/5.3.1/../../../../arm-none-eabi/lib/armv6-m\libc_nano.a(lib_a-impure.o)
__sf_fake_stdin                                   c:/program files (x86)/atmel/studio/7.0/toolchain/arm/arm-gnu-toolchain/bin/../lib/gcc/arm-none-eabi/5.3.1/../../../../arm-none-eabi/lib/armv6-m\libc_nano.a(lib_a-impure.o)
__sf_fake_stdout                                  c:/program files (x86)/atmel/studio/7.0/toolchain/arm/arm-gnu-toolchain/bin/../lib/gcc/arm-none-eabi/5.3.1/../../../../arm-none-eabi/lib/armv6-m\libc_nano.a(lib_a-impure.o)
__stack                                           c:/program files (x86)/atmel/studio/7.0/toolchain/arm/arm-gnu-toolchain/bin/../lib/gcc/arm-none-eabi/5.3.1/../../../../arm-none-eabi/lib/armv6-m/crt0.o
__udivsi3                                         c:/program files (x86)/atmel/studio/7.0/toolchain/arm/arm-gnu-toolchain/bin/../lib/gcc/arm-none-eabi/5.3.1/armv6-m\libgcc.a(_udivsi3.o)
_close                                            src/ASF/sam0/utils/syscalls/gcc/syscalls.o
_end                                              src/ASF/sam0/utils/syscalls/gcc/syscalls.o
_erelocate                                        src/ASF/sam0/utils/cmsis/samd21/source/gcc/startup_samd21.o
_estack                                           src/ASF/sam0/utils/cmsis/samd21/source/gcc/startup_samd21.o
_etext                                            src/ASF/sam0/utils/cmsis/samd21/source/gcc/startup_samd21.o
_exit                                             src/ASF/sam0/utils/syscalls/gcc/syscalls.o
                                                  c:/program files (x86)/atmel/studio/7.0/toolchain/arm/arm-gnu-toolchain/bin/../lib/gcc/arm-none-eabi/5.3.1/../../../../arm-none-eabi/lib/armv6-m\libc_nano.a(lib_a-exit.o)
_ezero                                            src/ASF/sam0/utils/cmsis/samd21/source/gcc/startup_samd21.o
_fini                                             c:/program files (x86)/atmel/studio/7.0/toolchain/arm/arm-gnu-toolchain/bin/../lib/gcc/arm-none-eabi/5.3.1/armv6-m/crti.o
_fstat                                            src/ASF/sam0/utils/syscalls/gcc/syscalls.o
_getpid                                           src/ASF/sam0/utils/syscalls/gcc/syscalls.o
_global_impure_ptr                                c:/program files (x86)/atmel/studio/7.0/toolchain/arm/arm-gnu-toolchain/bin/../lib/gcc/arm-none-eabi/5.3.1/../../../../arm-none-eabi/lib/armv6-m\libc_nano.a(lib_a-impure.o)
                                                  c:/program files (x86)/atmel/studio/7.0/toolchain/arm/arm-gnu-toolchain/bin/../lib/gcc/arm-none-eabi/5.3.1/../../../../arm-none-eabi/lib/armv6-m\libc_nano.a(lib_a-exit.o)
_impure_ptr                                       c:/program files (x86)/atmel/studio/7.0/toolchain/arm/arm-gnu-toolchain/bin/../lib/gcc/arm-none-eabi/5.3.1/../../../../arm-none-eabi/lib/armv6-m\libc_nano.a(lib_a-impure.o)
_init                                             c:/program files (x86)/atmel/studio/7.0/toolchain/arm/arm-gnu-toolchain/bin/../lib/gcc/arm-none-eabi/5.3.1/armv6-m/crti.o
                                                  c:/program files (x86)/atmel/studio/7.0/toolchain/arm/arm-gnu-toolchain/bin/../lib/gcc/arm-none-eabi/5.3.1/../../../../arm-none-eabi/lib/armv6-m\libc_nano.a(lib_a-init.o)
_isatty                                           src/ASF/sam0/utils/syscalls/gcc/syscalls.o
_kill                                             src/ASF/sam0/utils/syscalls/gcc/syscalls.o
_lseek                                            src/ASF/sam0/utils/syscalls/gcc/syscalls.o
_mainCRTStartup                                   c:/program files (x86)/atmel/studio/7.0/toolchain/arm/arm-gnu-toolchain/bin/../lib/gcc/arm-none-eabi/5.3.1/../../../../arm-none-eabi/lib/armv6-m/crt0.o
_read                                             src/ASF/sam0/utils/stdio/read.o
_rtc_instance                                     src/ASF/sam0/drivers/rtc/rtc_sam_d_r_h/rtc_calendar.o
                                                  src/ASF/sam0/drivers/rtc/rtc_sam_d_r_h/rtc_calendar_interrupt.o
_sbrk                                             src/ASF/sam0/utils/syscalls/gcc/syscalls.o
_sercom_get_async_baud_val                        src/ASF/sam0/drivers/sercom/sercom.o
                                                  src/ASF/sam0/drivers/sercom/usart/usart.o
_sercom_get_default_pad                           src/ASF/sam0/drivers/sercom/sercom.o
                                                  src/ASF/sam0/drivers/sercom/spi/spi.o
                                                  src/ASF/sam0/drivers/sercom/usart/usart.o
_sercom_get_interrupt_vector                      src/ASF/sam0/drivers/sercom/sercom_interrupt.o
                                                  src/ASF/common2/components/memory/sd_mmc/sd_mmc_spi.o
                                                  src/ASF/sam0/drivers/sercom/spi/spi.o
_sercom_get_sercom_inst_index                     src/ASF/sam0/drivers/sercom/sercom.o
                                                  src/ASF/sam0/drivers/sercom/sercom_interrupt.o
                                                  src/ASF/sam0/drivers/sercom/spi/spi.o
                                                  src/ASF/sam0/drivers/sercom/usart/usart.o
_sercom_get_sync_baud_val                         src/ASF/sam0/drivers/sercom/sercom.o
                                                  src/ASF/sam0/drivers/sercom/spi/spi.o
                                                  src/ASF/sam0/drivers/sercom/usart/usart.o
_sercom_instances                                 src/ASF/sam0/drivers/sercom/sercom_interrupt.o
                                                  src/ASF/sam0/drivers/sercom/spi/spi_interrupt.o
                                                  src/ASF/sam0/drivers/sercom/spi/spi.o
                                                  src/ASF/sam0/drivers/sercom/usart/usart_interrupt.o
                                                  src/ASF/sam0/drivers/sercom/usart/usart.o
_sercom_set_handler                               src/ASF/sam0/drivers/sercom/sercom_interrupt.o
                                                  src/ASF/sam0/drivers/sercom/spi/spi.o
                                                  src/ASF/sam0/drivers/sercom/usart/usart.o
_sfixed                                           src/ASF/sam0/utils/cmsis/samd21/source/gcc/startup_samd21.o
_spi_interrupt_handler                            src/ASF/sam0/drivers/sercom/spi/spi_interrupt.o
                                                  src/ASF/sam0/drivers/sercom/spi/spi.o
_srelocate                                        src/ASF/sam0/utils/cmsis/samd21/source/gcc/startup_samd21.o
_start                                            c:/program files (x86)/atmel/studio/7.0/toolchain/arm/arm-gnu-toolchain/bin/../lib/gcc/arm-none-eabi/5.3.1/../../../../arm-none-eabi/lib/armv6-m/crt0.o
_system_divas_init                                src/ASF/sam0/drivers/system/system.o
_system_dummy_init                                src/ASF/sam0/drivers/system/system.o
_system_events_init                               src/ASF/sam0/drivers/system/system.o
_system_extint_init                               src/ASF/sam0/drivers/system/system.o
_szero                                            src/ASF/sam0/utils/cmsis/samd21/source/gcc/startup_samd21.o
_usart_interrupt_handler                          src/ASF/sam0/drivers/sercom/usart/usart_interrupt.o
                                                  src/ASF/sam0/drivers/sercom/usart/usart.o
_usart_read_buffer                                src/ASF/sam0/drivers/sercom/usart/usart_interrupt.o
_usart_write_buffer                               src/ASF/sam0/drivers/sercom/usart/usart_interrupt.o
_write                                            src/ASF/sam0/utils/stdio/write.o
atexit                                            c:/program files (x86)/atmel/studio/7.0/toolchain/arm/arm-gnu-toolchain/bin/../lib/gcc/arm-none-eabi/5.3.1/../../../../arm-none-eabi/lib/armv6-m/crt0.o
board_init                                        src/ASF/common2/boards/user_board/init.o
cdc_uart_module                                   src/main.o
cpu_irq_enter_critical                            src/ASF/common/utils/interrupt/interrupt_sam_nvic.o
                                                  src/ASF/sam0/drivers/system/clock/clock_samd21_r21_da_ha1/gclk.o
                                                  src/ASF/sam0/drivers/nvm/nvm.o
                                                  src/ASF/sam0/drivers/sercom/usart/usart_interrupt.o
cpu_irq_leave_critical                            src/ASF/common/utils/interrupt/interrupt_sam_nvic.o
                                                  src/ASF/sam0/drivers/system/clock/clock_samd21_r21_da_ha1/gclk.o
                                                  src/ASF/sam0/drivers/nvm/nvm.o
                                                  src/ASF/sam0/drivers/sercom/usart/usart_interrupt.o
delay_cycles_ms                                   src/ASF/common2/services/delay/sam0/systick_counter.o
                                                  src/ASF/common2/components/memory/sd_mmc/sd_mmc.o
delay_cycles_us                                   src/ASF/common2/services/delay/sam0/systick_counter.o
delay_init                                        src/ASF/common2/services/delay/sam0/systick_counter.o
                                                  src/memories_initialization_sam0.o
disk_initialize                                   src/ASF/thirdparty/fatfs/fatfs-port-r0.09/diskio.o
                                                  src/ASF/thirdparty/fatfs/fatfs-r0.09/src/ff.o
disk_ioctl                                        src/ASF/thirdparty/fatfs/fatfs-port-r0.09/diskio.o
                                                  src/ASF/thirdparty/fatfs/fatfs-r0.09/src/ff.o
disk_read                                         src/ASF/thirdparty/fatfs/fatfs-port-r0.09/diskio.o
                                                  src/ASF/thirdparty/fatfs/fatfs-r0.09/src/ff.o
disk_status                                       src/ASF/thirdparty/fatfs/fatfs-port-r0.09/diskio.o
                                                  src/ASF/thirdparty/fatfs/fatfs-r0.09/src/ff.o
disk_write                                        src/ASF/thirdparty/fatfs/fatfs-port-r0.09/diskio.o
                                                  src/ASF/thirdparty/fatfs/fatfs-r0.09/src/ff.o
dummy_write                                       src/ASF/sam0/drivers/sercom/spi/spi_interrupt.o
exception_table                                   src/ASF/sam0/utils/cmsis/samd21/source/gcc/startup_samd21.o
exit                                              c:/program files (x86)/atmel/studio/7.0/toolchain/arm/arm-gnu-toolchain/bin/../lib/gcc/arm-none-eabi/5.3.1/../../../../arm-none-eabi/lib/armv6-m\libc_nano.a(lib_a-exit.o)
                                                  c:/program files (x86)/atmel/studio/7.0/toolchain/arm/arm-gnu-toolchain/bin/../lib/gcc/arm-none-eabi/5.3.1/../../../../arm-none-eabi/lib/armv6-m/crt0.o
f_chmod                                           src/ASF/thirdparty/fatfs/fatfs-r0.09/src/ff.o
f_close                                           src/ASF/thirdparty/fatfs/fatfs-r0.09/src/ff.o
f_getfree                                         src/ASF/thirdparty/fatfs/fatfs-r0.09/src/ff.o
f_lseek                                           src/ASF/thirdparty/fatfs/fatfs-r0.09/src/ff.o
f_mkdir                                           src/ASF/thirdparty/fatfs/fatfs-r0.09/src/ff.o
f_mount                                           src/ASF/thirdparty/fatfs/fatfs-r0.09/src/ff.o
f_open                                            src/ASF/thirdparty/fatfs/fatfs-r0.09/src/ff.o
f_opendir                                         src/ASF/thirdparty/fatfs/fatfs-r0.09/src/ff.o
f_read                                            src/ASF/thirdparty/fatfs/fatfs-r0.09/src/ff.o
f_readdir                                         src/ASF/thirdparty/fatfs/fatfs-r0.09/src/ff.o
f_rename                                          src/ASF/thirdparty/fatfs/fatfs-r0.09/src/ff.o
f_stat                                            src/ASF/thirdparty/fatfs/fatfs-r0.09/src/ff.o
f_sync                                            src/ASF/thirdparty/fatfs/fatfs-r0.09/src/ff.o
f_truncate                                        src/ASF/thirdparty/fatfs/fatfs-r0.09/src/ff.o
f_unlink                                          src/ASF/thirdparty/fatfs/fatfs-r0.09/src/ff.o
f_utime                                           src/ASF/thirdparty/fatfs/fatfs-r0.09/src/ff.o
f_write                                           src/ASF/thirdparty/fatfs/fatfs-r0.09/src/ff.o
ff_convert                                        src/ASF/thirdparty/fatfs/fatfs-r0.09/src/option/ccsbcs.o
                                                  src/ASF/thirdparty/fatfs/fatfs-r0.09/src/ff.o
ff_wtoupper                                       src/ASF/thirdparty/fatfs/fatfs-r0.09/src/option/ccsbcs.o
                                                  src/ASF/thirdparty/fatfs/fatfs-r0.09/src/ff.o
g_interrupt_enabled                               src/ASF/common/utils/interrupt/interrupt_sam_nvic.o
get_cur_lun                                       src/ASF/common/services/storage/ctrl_access/ctrl_access.o
get_fattime                                       src/ASF/thirdparty/fatfs/fatfs-port-r0.09/sam0/fattime_rtc.o
                                                  src/ASF/thirdparty/fatfs/fatfs-r0.09/src/ff.o
get_nb_lun                                        src/ASF/common/services/storage/ctrl_access/ctrl_access.o
hardware_init_hook                                c:/program files (x86)/atmel/studio/7.0/toolchain/arm/arm-gnu-toolchain/bin/../lib/gcc/arm-none-eabi/5.3.1/../../../../arm-none-eabi/lib/armv6-m/crt0.o
link                                              src/ASF/sam0/utils/syscalls/gcc/syscalls.o
main                                              src/main.o
                                                  src/ASF/sam0/utils/cmsis/samd21/source/gcc/startup_samd21.o
                                                  c:/program files (x86)/atmel/studio/7.0/toolchain/arm/arm-gnu-toolchain/bin/../lib/gcc/arm-none-eabi/5.3.1/../../../../arm-none-eabi/lib/armv6-m/crt0.o
mem_name                                          src/ASF/common/services/storage/ctrl_access/ctrl_access.o
mem_read_capacity                                 src/ASF/common/services/storage/ctrl_access/ctrl_access.o
                                                  src/ASF/thirdparty/fatfs/fatfs-port-r0.09/diskio.o
mem_removal                                       src/ASF/common/services/storage/ctrl_access/ctrl_access.o
mem_sector_size                                   src/ASF/common/services/storage/ctrl_access/ctrl_access.o
                                                  src/ASF/thirdparty/fatfs/fatfs-port-r0.09/diskio.o
mem_test_unit_ready                               src/ASF/common/services/storage/ctrl_access/ctrl_access.o
                                                  src/ASF/thirdparty/fatfs/fatfs-port-r0.09/diskio.o
mem_unload                                        src/ASF/common/services/storage/ctrl_access/ctrl_access.o
mem_wr_protect                                    src/ASF/common/services/storage/ctrl_access/ctrl_access.o
                                                  src/ASF/thirdparty/fatfs/fatfs-port-r0.09/diskio.o
memcpy                                            c:/program files (x86)/atmel/studio/7.0/toolchain/arm/arm-gnu-toolchain/bin/../lib/gcc/arm-none-eabi/5.3.1/../../../../arm-none-eabi/lib/armv6-m\libc_nano.a(lib_a-memcpy-stub.o)
                                                  src/ASF/sam0/drivers/sercom/sercom_interrupt.o
memories_initialization                           src/memories_initialization_sam0.o
memset                                            c:/program files (x86)/atmel/studio/7.0/toolchain/arm/arm-gnu-toolchain/bin/../lib/gcc/arm-none-eabi/5.3.1/../../../../arm-none-eabi/lib/armv6-m\libc_nano.a(lib_a-memset.o)
                                                  src/ASF/common2/components/memory/sd_mmc/sd_mmc_spi.o
                                                  c:/program files (x86)/atmel/studio/7.0/toolchain/arm/arm-gnu-toolchain/bin/../lib/gcc/arm-none-eabi/5.3.1/../../../../arm-none-eabi/lib/armv6-m/crt0.o
mmc_trans_multipliers                             src/ASF/common2/components/memory/sd_mmc/sd_mmc.o
nvm_erase_row                                     src/ASF/sam0/drivers/nvm/nvm.o
nvm_execute_command                               src/ASF/sam0/drivers/nvm/nvm.o
nvm_get_fuses                                     src/ASF/sam0/drivers/nvm/nvm.o
nvm_get_parameters                                src/ASF/sam0/drivers/nvm/nvm.o
nvm_is_page_locked                                src/ASF/sam0/drivers/nvm/nvm.o
nvm_read_buffer                                   src/ASF/sam0/drivers/nvm/nvm.o
nvm_set_config                                    src/ASF/sam0/drivers/nvm/nvm.o
nvm_set_fuses                                     src/ASF/sam0/drivers/nvm/nvm.o
nvm_update_buffer                                 src/ASF/sam0/drivers/nvm/nvm.o
nvm_write_buffer                                  src/ASF/sam0/drivers/nvm/nvm.o
port_group_set_config                             src/ASF/sam0/drivers/port/port.o
port_pin_set_config                               src/ASF/sam0/drivers/port/port.o
                                                  src/ASF/common2/components/memory/sd_mmc/sd_mmc_spi.o
ptr_get                                           src/ASF/sam0/utils/stdio/read.o
ptr_put                                           src/ASF/sam0/utils/stdio/write.o
rtc_calendar_disable                              src/ASF/sam0/drivers/rtc/rtc_sam_d_r_h/rtc_calendar.o
rtc_calendar_disable_callback                     src/ASF/sam0/drivers/rtc/rtc_sam_d_r_h/rtc_calendar_interrupt.o
rtc_calendar_enable                               src/ASF/sam0/drivers/rtc/rtc_sam_d_r_h/rtc_calendar.o
                                                  src/ASF/thirdparty/fatfs/fatfs-port-r0.09/diskio.o
rtc_calendar_enable_callback                      src/ASF/sam0/drivers/rtc/rtc_sam_d_r_h/rtc_calendar_interrupt.o
rtc_calendar_frequency_correction                 src/ASF/sam0/drivers/rtc/rtc_sam_d_r_h/rtc_calendar.o
rtc_calendar_get_alarm                            src/ASF/sam0/drivers/rtc/rtc_sam_d_r_h/rtc_calendar.o
rtc_calendar_get_time                             src/ASF/sam0/drivers/rtc/rtc_sam_d_r_h/rtc_calendar.o
                                                  src/ASF/thirdparty/fatfs/fatfs-port-r0.09/sam0/fattime_rtc.o
rtc_calendar_init                                 src/ASF/sam0/drivers/rtc/rtc_sam_d_r_h/rtc_calendar.o
                                                  src/ASF/thirdparty/fatfs/fatfs-port-r0.09/diskio.o
rtc_calendar_register_callback                    src/ASF/sam0/drivers/rtc/rtc_sam_d_r_h/rtc_calendar_interrupt.o
rtc_calendar_register_value_to_time               src/ASF/sam0/drivers/rtc/rtc_sam_d_r_h/rtc_calendar.o
rtc_calendar_reset                                src/ASF/sam0/drivers/rtc/rtc_sam_d_r_h/rtc_calendar.o
rtc_calendar_set_alarm                            src/ASF/sam0/drivers/rtc/rtc_sam_d_r_h/rtc_calendar.o
rtc_calendar_set_time                             src/ASF/sam0/drivers/rtc/rtc_sam_d_r_h/rtc_calendar.o
rtc_calendar_swap_time_mode                       src/ASF/sam0/drivers/rtc/rtc_sam_d_r_h/rtc_calendar.o
rtc_calendar_time_to_register_value               src/ASF/sam0/drivers/rtc/rtc_sam_d_r_h/rtc_calendar.o
rtc_calendar_unregister_callback                  src/ASF/sam0/drivers/rtc/rtc_sam_d_r_h/rtc_calendar_interrupt.o
rtc_instance                                      src/ASF/thirdparty/fatfs/fatfs-port-r0.09/diskio.o
                                                  src/ASF/thirdparty/fatfs/fatfs-port-r0.09/sam0/fattime_rtc.o
sd_mmc_check                                      src/ASF/common2/components/memory/sd_mmc/sd_mmc.o
                                                  src/memories_initialization_sam0.o
                                                  src/ASF/common2/components/memory/sd_mmc/sd_mmc_mem.o
sd_mmc_get_capacity                               src/ASF/common2/components/memory/sd_mmc/sd_mmc.o
                                                  src/ASF/common2/components/memory/sd_mmc/sd_mmc_mem.o
sd_mmc_get_type                                   src/ASF/common2/components/memory/sd_mmc/sd_mmc.o
                                                  src/ASF/common2/components/memory/sd_mmc/sd_mmc_mem.o
sd_mmc_get_version                                src/ASF/common2/components/memory/sd_mmc/sd_mmc.o
sd_mmc_init                                       src/ASF/common2/components/memory/sd_mmc/sd_mmc.o
                                                  src/memories_initialization_sam0.o
sd_mmc_init_read_blocks                           src/ASF/common2/components/memory/sd_mmc/sd_mmc.o
sd_mmc_init_write_blocks                          src/ASF/common2/components/memory/sd_mmc/sd_mmc.o
sd_mmc_is_write_protected                         src/ASF/common2/components/memory/sd_mmc/sd_mmc.o
                                                  src/ASF/common2/components/memory/sd_mmc/sd_mmc_mem.o
sd_mmc_nb_slot                                    src/ASF/common2/components/memory/sd_mmc/sd_mmc.o
sd_mmc_read_capacity                              src/ASF/common2/components/memory/sd_mmc/sd_mmc_mem.o
sd_mmc_read_capacity_0                            src/ASF/common2/components/memory/sd_mmc/sd_mmc_mem.o
                                                  src/ASF/common/services/storage/ctrl_access/ctrl_access.o
sd_mmc_read_capacity_1                            src/ASF/common2/components/memory/sd_mmc/sd_mmc_mem.o
                                                  src/ASF/common/services/storage/ctrl_access/ctrl_access.o
sd_mmc_removal                                    src/ASF/common2/components/memory/sd_mmc/sd_mmc_mem.o
sd_mmc_removal_0                                  src/ASF/common2/components/memory/sd_mmc/sd_mmc_mem.o
                                                  src/ASF/common/services/storage/ctrl_access/ctrl_access.o
sd_mmc_removal_1                                  src/ASF/common2/components/memory/sd_mmc/sd_mmc_mem.o
                                                  src/ASF/common/services/storage/ctrl_access/ctrl_access.o
sd_mmc_spi_adtc_start                             src/ASF/common2/components/memory/sd_mmc/sd_mmc_spi.o
                                                  src/ASF/common2/components/memory/sd_mmc/sd_mmc.o
sd_mmc_spi_deselect_device                        src/ASF/common2/components/memory/sd_mmc/sd_mmc_spi.o
                                                  src/ASF/common2/components/memory/sd_mmc/sd_mmc.o
sd_mmc_spi_get_errno                              src/ASF/common2/components/memory/sd_mmc/sd_mmc_spi.o
sd_mmc_spi_get_response                           src/ASF/common2/components/memory/sd_mmc/sd_mmc_spi.o
                                                  src/ASF/common2/components/memory/sd_mmc/sd_mmc.o
sd_mmc_spi_init                                   src/ASF/common2/components/memory/sd_mmc/sd_mmc_spi.o
                                                  src/ASF/common2/components/memory/sd_mmc/sd_mmc.o
sd_mmc_spi_read_word                              src/ASF/common2/components/memory/sd_mmc/sd_mmc_spi.o
                                                  src/ASF/common2/components/memory/sd_mmc/sd_mmc.o
sd_mmc_spi_select_device                          src/ASF/common2/components/memory/sd_mmc/sd_mmc_spi.o
                                                  src/ASF/common2/components/memory/sd_mmc/sd_mmc.o
sd_mmc_spi_send_clock                             src/ASF/common2/components/memory/sd_mmc/sd_mmc_spi.o
                                                  src/ASF/common2/components/memory/sd_mmc/sd_mmc.o
sd_mmc_spi_send_cmd                               src/ASF/common2/components/memory/sd_mmc/sd_mmc_spi.o
                                                  src/ASF/common2/components/memory/sd_mmc/sd_mmc.o
sd_mmc_spi_start_read_blocks                      src/ASF/common2/components/memory/sd_mmc/sd_mmc_spi.o
                                                  src/ASF/common2/components/memory/sd_mmc/sd_mmc.o
sd_mmc_spi_start_write_blocks                     src/ASF/common2/components/memory/sd_mmc/sd_mmc_spi.o
                                                  src/ASF/common2/components/memory/sd_mmc/sd_mmc.o
sd_mmc_spi_wait_end_of_read_blocks                src/ASF/common2/components/memory/sd_mmc/sd_mmc_spi.o
                                                  src/ASF/common2/components/memory/sd_mmc/sd_mmc.o
sd_mmc_spi_wait_end_of_write_blocks               src/ASF/common2/components/memory/sd_mmc/sd_mmc_spi.o
                                                  src/ASF/common2/components/memory/sd_mmc/sd_mmc.o
sd_mmc_spi_write_word                             src/ASF/common2/components/memory/sd_mmc/sd_mmc_spi.o
sd_mmc_start_read_blocks                          src/ASF/common2/components/memory/sd_mmc/sd_mmc.o
sd_mmc_start_write_blocks                         src/ASF/common2/components/memory/sd_mmc/sd_mmc.o
sd_mmc_test_unit_ready                            src/ASF/common2/components/memory/sd_mmc/sd_mmc_mem.o
                                                  src/memories_initialization_sam0.o
sd_mmc_test_unit_ready_0                          src/ASF/common2/components/memory/sd_mmc/sd_mmc_mem.o
                                                  src/ASF/common/services/storage/ctrl_access/ctrl_access.o
sd_mmc_test_unit_ready_1                          src/ASF/common2/components/memory/sd_mmc/sd_mmc_mem.o
                                                  src/ASF/common/services/storage/ctrl_access/ctrl_access.o
sd_mmc_trans_units                                src/ASF/common2/components/memory/sd_mmc/sd_mmc.o
sd_mmc_unload                                     src/ASF/common2/components/memory/sd_mmc/sd_mmc_mem.o
sd_mmc_unload_0                                   src/ASF/common2/components/memory/sd_mmc/sd_mmc_mem.o
                                                  src/ASF/common/services/storage/ctrl_access/ctrl_access.o
sd_mmc_unload_1                                   src/ASF/common2/components/memory/sd_mmc/sd_mmc_mem.o
                                                  src/ASF/common/services/storage/ctrl_access/ctrl_access.o
sd_mmc_wait_end_of_read_blocks                    src/ASF/common2/components/memory/sd_mmc/sd_mmc.o
sd_mmc_wait_end_of_write_blocks                   src/ASF/common2/components/memory/sd_mmc/sd_mmc.o
sd_mmc_wr_protect                                 src/ASF/common2/components/memory/sd_mmc/sd_mmc_mem.o
sd_mmc_wr_protect_0                               src/ASF/common2/components/memory/sd_mmc/sd_mmc_mem.o
                                                  src/ASF/common/services/storage/ctrl_access/ctrl_access.o
sd_mmc_wr_protect_1                               src/ASF/common2/components/memory/sd_mmc/sd_mmc_mem.o
                                                  src/ASF/common/services/storage/ctrl_access/ctrl_access.o
sd_trans_multipliers                              src/ASF/common2/components/memory/sd_mmc/sd_mmc.o
sercom_set_gclk_generator                         src/ASF/sam0/drivers/sercom/sercom.o
                                                  src/ASF/sam0/drivers/sercom/spi/spi.o
                                                  src/ASF/sam0/drivers/sercom/usart/usart.o
software_init_hook                                c:/program files (x86)/atmel/studio/7.0/toolchain/arm/arm-gnu-toolchain/bin/../lib/gcc/arm-none-eabi/5.3.1/../../../../arm-none-eabi/lib/armv6-m/crt0.o
spi_abort_job                                     src/ASF/sam0/drivers/sercom/spi/spi_interrupt.o
spi_init                                          src/ASF/sam0/drivers/sercom/spi/spi.o
                                                  src/ASF/common2/components/memory/sd_mmc/sd_mmc_spi.o
spi_read_buffer_job                               src/ASF/sam0/drivers/sercom/spi/spi_interrupt.o
spi_read_buffer_wait                              src/ASF/sam0/drivers/sercom/spi/spi.o
                                                  src/ASF/common2/components/memory/sd_mmc/sd_mmc_spi.o
spi_register_callback                             src/ASF/sam0/drivers/sercom/spi/spi_interrupt.o
spi_reset                                         src/ASF/sam0/drivers/sercom/spi/spi.o
spi_select_slave                                  src/ASF/sam0/drivers/sercom/spi/spi.o
                                                  src/ASF/common2/components/memory/sd_mmc/sd_mmc_spi.o
spi_set_baudrate                                  src/ASF/sam0/drivers/sercom/spi/spi.o
                                                  src/ASF/common2/components/memory/sd_mmc/sd_mmc_spi.o
spi_transceive_buffer_job                         src/ASF/sam0/drivers/sercom/spi/spi_interrupt.o
spi_transceive_buffer_wait                        src/ASF/sam0/drivers/sercom/spi/spi.o
spi_transceive_wait                               src/ASF/sam0/drivers/sercom/spi/spi.o
spi_unregister_callback                           src/ASF/sam0/drivers/sercom/spi/spi_interrupt.o
spi_write_buffer_job                              src/ASF/sam0/drivers/sercom/spi/spi_interrupt.o
spi_write_buffer_wait                             src/ASF/sam0/drivers/sercom/spi/spi.o
                                                  src/ASF/common2/components/memory/sd_mmc/sd_mmc_spi.o
ss_pins                                           src/ASF/common2/components/memory/sd_mmc/sd_mmc_spi.o
stdio_base                                        src/ASF/sam0/utils/stdio/write.o
                                                  src/ASF/sam0/utils/stdio/read.o
system_board_init                                 src/ASF/common2/boards/user_board/init.o
system_clock_init                                 src/ASF/sam0/drivers/system/clock/clock_samd21_r21_da_ha1/clock.o
system_clock_source_dfll_set_config               src/ASF/sam0/drivers/system/clock/clock_samd21_r21_da_ha1/clock.o
system_clock_source_disable                       src/ASF/sam0/drivers/system/clock/clock_samd21_r21_da_ha1/clock.o
system_clock_source_dpll_set_config               src/ASF/sam0/drivers/system/clock/clock_samd21_r21_da_ha1/clock.o
system_clock_source_enable                        src/ASF/sam0/drivers/system/clock/clock_samd21_r21_da_ha1/clock.o
system_clock_source_get_hz                        src/ASF/sam0/drivers/system/clock/clock_samd21_r21_da_ha1/clock.o
                                                  src/ASF/sam0/drivers/system/clock/clock_samd21_r21_da_ha1/gclk.o
system_clock_source_is_ready                      src/ASF/sam0/drivers/system/clock/clock_samd21_r21_da_ha1/clock.o
system_clock_source_osc32k_set_config             src/ASF/sam0/drivers/system/clock/clock_samd21_r21_da_ha1/clock.o
system_clock_source_osc8m_set_config              src/ASF/sam0/drivers/system/clock/clock_samd21_r21_da_ha1/clock.o
system_clock_source_write_calibration             src/ASF/sam0/drivers/system/clock/clock_samd21_r21_da_ha1/clock.o
system_clock_source_xosc32k_set_config            src/ASF/sam0/drivers/system/clock/clock_samd21_r21_da_ha1/clock.o
system_clock_source_xosc_set_config               src/ASF/sam0/drivers/system/clock/clock_samd21_r21_da_ha1/clock.o
system_gclk_chan_disable                          src/ASF/sam0/drivers/system/clock/clock_samd21_r21_da_ha1/gclk.o
system_gclk_chan_enable                           src/ASF/sam0/drivers/system/clock/clock_samd21_r21_da_ha1/gclk.o
                                                  src/ASF/sam0/drivers/sercom/spi/spi.o
                                                  src/ASF/sam0/drivers/sercom/usart/usart.o
                                                  src/ASF/sam0/drivers/wdt/wdt.o
                                                  src/ASF/sam0/drivers/sercom/sercom.o
                                                  src/ASF/sam0/drivers/rtc/rtc_sam_d_r_h/rtc_calendar.o
system_gclk_chan_get_hz                           src/ASF/sam0/drivers/system/clock/clock_samd21_r21_da_ha1/gclk.o
                                                  src/ASF/sam0/drivers/system/clock/clock_samd21_r21_da_ha1/clock.o
                                                  src/ASF/sam0/drivers/sercom/spi/spi.o
                                                  src/ASF/sam0/drivers/sercom/usart/usart.o
system_gclk_chan_is_enabled                       src/ASF/sam0/drivers/system/clock/clock_samd21_r21_da_ha1/gclk.o
system_gclk_chan_is_locked                        src/ASF/sam0/drivers/system/clock/clock_samd21_r21_da_ha1/gclk.o
system_gclk_chan_lock                             src/ASF/sam0/drivers/system/clock/clock_samd21_r21_da_ha1/gclk.o
                                                  src/ASF/sam0/drivers/wdt/wdt.o
system_gclk_chan_set_config                       src/ASF/sam0/drivers/system/clock/clock_samd21_r21_da_ha1/gclk.o
                                                  src/ASF/sam0/drivers/system/clock/clock_samd21_r21_da_ha1/clock.o
                                                  src/ASF/sam0/drivers/sercom/spi/spi.o
                                                  src/ASF/sam0/drivers/sercom/usart/usart.o
                                                  src/ASF/sam0/drivers/wdt/wdt.o
                                                  src/ASF/sam0/drivers/sercom/sercom.o
                                                  src/ASF/sam0/drivers/rtc/rtc_sam_d_r_h/rtc_calendar.o
system_gclk_gen_disable                           src/ASF/sam0/drivers/system/clock/clock_samd21_r21_da_ha1/gclk.o
system_gclk_gen_enable                            src/ASF/sam0/drivers/system/clock/clock_samd21_r21_da_ha1/gclk.o
                                                  src/ASF/sam0/drivers/system/clock/clock_samd21_r21_da_ha1/clock.o
system_gclk_gen_get_hz                            src/ASF/sam0/drivers/system/clock/clock_samd21_r21_da_ha1/gclk.o
                                                  src/ASF/common2/services/delay/sam0/systick_counter.o
                                                  src/ASF/common2/components/memory/sd_mmc/sd_mmc.o
system_gclk_gen_is_enabled                        src/ASF/sam0/drivers/system/clock/clock_samd21_r21_da_ha1/gclk.o
system_gclk_gen_set_config                        src/ASF/sam0/drivers/system/clock/clock_samd21_r21_da_ha1/gclk.o
                                                  src/ASF/sam0/drivers/system/clock/clock_samd21_r21_da_ha1/clock.o
system_gclk_init                                  src/ASF/sam0/drivers/system/clock/clock_samd21_r21_da_ha1/gclk.o
                                                  src/ASF/sam0/drivers/system/clock/clock_samd21_r21_da_ha1/clock.o
system_init                                       src/ASF/sam0/drivers/system/system.o
                                                  src/main.o
system_interrupt_clear_pending                    src/ASF/sam0/drivers/system/interrupt/system_interrupt.o
system_interrupt_get_priority                     src/ASF/sam0/drivers/system/interrupt/system_interrupt.o
system_interrupt_is_pending                       src/ASF/sam0/drivers/system/interrupt/system_interrupt.o
system_interrupt_set_pending                      src/ASF/sam0/drivers/system/interrupt/system_interrupt.o
system_interrupt_set_priority                     src/ASF/sam0/drivers/system/interrupt/system_interrupt.o
system_pinmux_group_set_config                    src/ASF/sam0/drivers/system/pinmux/pinmux.o
                                                  src/ASF/sam0/drivers/port/port.o
system_pinmux_group_set_input_sample_mode         src/ASF/sam0/drivers/system/pinmux/pinmux.o
system_pinmux_group_set_output_strength           src/ASF/sam0/drivers/system/pinmux/pinmux.o
system_pinmux_pin_set_config                      src/ASF/sam0/drivers/system/pinmux/pinmux.o
                                                  src/ASF/sam0/drivers/port/port.o
                                                  src/ASF/sam0/drivers/sercom/spi/spi.o
                                                  src/ASF/sam0/drivers/sercom/usart/usart.o
usart_abort_job                                   src/ASF/sam0/drivers/sercom/usart/usart_interrupt.o
usart_get_job_status                              src/ASF/sam0/drivers/sercom/usart/usart_interrupt.o
usart_init                                        src/ASF/sam0/drivers/sercom/usart/usart.o
usart_read_buffer_job                             src/ASF/sam0/drivers/sercom/usart/usart_interrupt.o
usart_read_buffer_wait                            src/ASF/sam0/drivers/sercom/usart/usart.o
usart_read_job                                    src/ASF/sam0/drivers/sercom/usart/usart_interrupt.o
usart_read_wait                                   src/ASF/sam0/drivers/sercom/usart/usart.o
usart_register_callback                           src/ASF/sam0/drivers/sercom/usart/usart_interrupt.o
usart_unregister_callback                         src/ASF/sam0/drivers/sercom/usart/usart_interrupt.o
usart_write_buffer_job                            src/ASF/sam0/drivers/sercom/usart/usart_interrupt.o
usart_write_buffer_wait                           src/ASF/sam0/drivers/sercom/usart/usart.o
usart_write_job                                   src/ASF/sam0/drivers/sercom/usart/usart_interrupt.o
usart_write_wait                                  src/ASF/sam0/drivers/sercom/usart/usart.o
wdt_reset_count                                   src/ASF/sam0/drivers/wdt/wdt.o
wdt_set_config                                    src/ASF/sam0/drivers/wdt/wdt.o
